------------------------------------------------------------
TimeQuest Timing Analyzer Summary
------------------------------------------------------------

Type  : Slow Model Setup 'inst2'
Slack : 0.246
TNS   : 0.000

Type  : Slow Model Setup 'inst'
Slack : 0.379
TNS   : 0.000

Type  : Slow Model Setup 'pin_name1'
Slack : 1.192
TNS   : 0.000

Type  : Slow Model Hold 'pin_name1'
Slack : -2.741
TNS   : -5.482

Type  : Slow Model Hold 'inst'
Slack : 0.391
TNS   : 0.000

Type  : Slow Model Hold 'inst2'
Slack : 0.524
TNS   : 0.000

Type  : Slow Model Minimum Pulse Width 'pin_name1'
Slack : -1.380
TNS   : -3.380

Type  : Slow Model Minimum Pulse Width 'inst'
Slack : -0.500
TNS   : -1.000

Type  : Slow Model Minimum Pulse Width 'inst2'
Slack : -0.500
TNS   : -1.000

Type  : Fast Model Setup 'inst2'
Slack : 0.640
TNS   : 0.000

Type  : Fast Model Setup 'inst'
Slack : 0.665
TNS   : 0.000

Type  : Fast Model Setup 'pin_name1'
Slack : 1.189
TNS   : 0.000

Type  : Fast Model Hold 'pin_name1'
Slack : -1.723
TNS   : -3.446

Type  : Fast Model Hold 'inst'
Slack : 0.215
TNS   : 0.000

Type  : Fast Model Hold 'inst2'
Slack : 0.240
TNS   : 0.000

Type  : Fast Model Minimum Pulse Width 'pin_name1'
Slack : -1.380
TNS   : -3.380

Type  : Fast Model Minimum Pulse Width 'inst'
Slack : -0.500
TNS   : -1.000

Type  : Fast Model Minimum Pulse Width 'inst2'
Slack : -0.500
TNS   : -1.000

------------------------------------------------------------
